MPLINK 4.49, Linker
Linker Map File - Created Thu Feb 26 14:40:22 2015

                                 Section Info
                  Section       Type    Address   Location Size(Bytes)
                ---------  ---------  ---------  ---------  ---------
             RESET_VECTOR       code   0x000000    program   0x000002
               INT_VECTOR       code   0x000004    program   0x000002
                      isr       code   0x000005    program   0x000370
                   .cinit    romdata   0x0001bd    program   0x000004
.config_2007_16F628ATMPO.O       code   0x002007    program   0x000002
                       EE       code   0x002100    program   0x000054
                       ID       code   0x002130    program   0x000014
                       FS       code   0x002140    program   0x000020
                    Bank0      udata   0x000020       data   0x000033
                All_Banks      udata   0x000070       data   0x000002



                              Program Memory Usage 
                               Start         End      
                           ---------   ---------      
                            0x000000    0x000000      
                            0x000004    0x0001be      
                            0x002007    0x002007      
                            0x002100    0x002129      
                            0x002130    0x002139      
                            0x002140    0x00214f      
            513 out of 2182 program addresses used, program memory utilization is 23%



                              Symbols - Sorted by Name
                     Name    Address   Location    Storage File                     
                ---------  ---------  ---------  --------- ---------                
                    Again   0x0000a5    program     static D:\TXT\rc\HK_decoder-dollop\PIC 16F628A Decoder10 with PPM Output_dollop\16F628ATMPO.ASM
                 AreEqual   0x00010f    program     static D:\TXT\rc\HK_decoder-dollop\PIC 16F628A Decoder10 with PPM Output_dollop\16F628ATMPO.ASM
               Bind_Lesen   0x0001a7    program     static D:\TXT\rc\HK_decoder-dollop\PIC 16F628A Decoder10 with PPM Output_dollop\16F628ATMPO.ASM
                 CheckSum   0x000153    program     static D:\TXT\rc\HK_decoder-dollop\PIC 16F628A Decoder10 with PPM Output_dollop\16F628ATMPO.ASM
                   Ck_Sum   0x000102    program     static D:\TXT\rc\HK_decoder-dollop\PIC 16F628A Decoder10 with PPM Output_dollop\16F628ATMPO.ASM
                     Cont   0x000025    program     static D:\TXT\rc\HK_decoder-dollop\PIC 16F628A Decoder10 with PPM Output_dollop\16F628ATMPO.ASM
           Cont_Bind_Info   0x000089    program     static D:\TXT\rc\HK_decoder-dollop\PIC 16F628A Decoder10 with PPM Output_dollop\16F628ATMPO.ASM
        Cont_Channel_Data   0x0000c6    program     static D:\TXT\rc\HK_decoder-dollop\PIC 16F628A Decoder10 with PPM Output_dollop\16F628ATMPO.ASM
             Cont_Receive   0x000051    program     static D:\TXT\rc\HK_decoder-dollop\PIC 16F628A Decoder10 with PPM Output_dollop\16F628ATMPO.ASM
          Copy_CH2_EEProm   0x000145    program     static D:\TXT\rc\HK_decoder-dollop\PIC 16F628A Decoder10 with PPM Output_dollop\16F628ATMPO.ASM
             Copy_Ch_Data   0x00017b    program     static D:\TXT\rc\HK_decoder-dollop\PIC 16F628A Decoder10 with PPM Output_dollop\16F628ATMPO.ASM
                Copy_Cont   0x000183    program     static D:\TXT\rc\HK_decoder-dollop\PIC 16F628A Decoder10 with PPM Output_dollop\16F628ATMPO.ASM
              EEProm_Read   0x0001b5    program     static D:\TXT\rc\HK_decoder-dollop\PIC 16F628A Decoder10 with PPM Output_dollop\16F628ATMPO.ASM
             EEProm_Write   0x000190    program     static D:\TXT\rc\HK_decoder-dollop\PIC 16F628A Decoder10 with PPM Output_dollop\16F628ATMPO.ASM
                 EE_Again   0x00014c    program     static D:\TXT\rc\HK_decoder-dollop\PIC 16F628A Decoder10 with PPM Output_dollop\16F628ATMPO.ASM
                  EE_Wait   0x00019c    program     static D:\TXT\rc\HK_decoder-dollop\PIC 16F628A Decoder10 with PPM Output_dollop\16F628ATMPO.ASM
                     Fail   0x000176    program     static D:\TXT\rc\HK_decoder-dollop\PIC 16F628A Decoder10 with PPM Output_dollop\16F628ATMPO.ASM
          Fail_Safe_Lesen   0x0001a0    program     static D:\TXT\rc\HK_decoder-dollop\PIC 16F628A Decoder10 with PPM Output_dollop\16F628ATMPO.ASM
        HouseKeeping_Exit   0x000029    program     static D:\TXT\rc\HK_decoder-dollop\PIC 16F628A Decoder10 with PPM Output_dollop\16F628ATMPO.ASM
                  II_Loop   0x00006b    program     static D:\TXT\rc\HK_decoder-dollop\PIC 16F628A Decoder10 with PPM Output_dollop\16F628ATMPO.ASM
                   I_Loop   0x000069    program     static D:\TXT\rc\HK_decoder-dollop\PIC 16F628A Decoder10 with PPM Output_dollop\16F628ATMPO.ASM
                Interrupt   0x000005    program     static D:\TXT\rc\HK_decoder-dollop\PIC 16F628A Decoder10 with PPM Output_dollop\16F628ATMPO.ASM
                  L_Again   0x0001af    program     static D:\TXT\rc\HK_decoder-dollop\PIC 16F628A Decoder10 with PPM Output_dollop\16F628ATMPO.ASM
                    Lesen   0x0001ae    program     static D:\TXT\rc\HK_decoder-dollop\PIC 16F628A Decoder10 with PPM Output_dollop\16F628ATMPO.ASM
                Next_Byte   0x0000b2    program     static D:\TXT\rc\HK_decoder-dollop\PIC 16F628A Decoder10 with PPM Output_dollop\16F628ATMPO.ASM
             Next_Channel   0x000109    program     static D:\TXT\rc\HK_decoder-dollop\PIC 16F628A Decoder10 with PPM Output_dollop\16F628ATMPO.ASM
                Normal_Op   0x00004c    program     static D:\TXT\rc\HK_decoder-dollop\PIC 16F628A Decoder10 with PPM Output_dollop\16F628ATMPO.ASM
             Not_StartBit   0x00001d    program     static D:\TXT\rc\HK_decoder-dollop\PIC 16F628A Decoder10 with PPM Output_dollop\16F628ATMPO.ASM
                 Not_Zero   0x0000fb    program     static D:\TXT\rc\HK_decoder-dollop\PIC 16F628A Decoder10 with PPM Output_dollop\16F628ATMPO.ASM
                   O_Loop   0x000067    program     static D:\TXT\rc\HK_decoder-dollop\PIC 16F628A Decoder10 with PPM Output_dollop\16F628ATMPO.ASM
      Output_Channel_Data   0x0000f4    program     static D:\TXT\rc\HK_decoder-dollop\PIC 16F628A Decoder10 with PPM Output_dollop\16F628ATMPO.ASM
     Prepare_Channel_Time   0x000126    program     static D:\TXT\rc\HK_decoder-dollop\PIC 16F628A Decoder10 with PPM Output_dollop\16F628ATMPO.ASM
                 Read_Bit   0x00000c    program     static D:\TXT\rc\HK_decoder-dollop\PIC 16F628A Decoder10 with PPM Output_dollop\16F628ATMPO.ASM
        Receive_Bind_Info   0x000084    program     static D:\TXT\rc\HK_decoder-dollop\PIC 16F628A Decoder10 with PPM Output_dollop\16F628ATMPO.ASM
     Receive_Channel_Data   0x0000c0    program     static D:\TXT\rc\HK_decoder-dollop\PIC 16F628A Decoder10 with PPM Output_dollop\16F628ATMPO.ASM
             Request_Bind   0x000055    program     static D:\TXT\rc\HK_decoder-dollop\PIC 16F628A Decoder10 with PPM Output_dollop\16F628ATMPO.ASM
                Save_Byte   0x0000ec    program     static D:\TXT\rc\HK_decoder-dollop\PIC 16F628A Decoder10 with PPM Output_dollop\16F628ATMPO.ASM
                Schreiben   0x00009e    program     static D:\TXT\rc\HK_decoder-dollop\PIC 16F628A Decoder10 with PPM Output_dollop\16F628ATMPO.ASM
           Send_Bind_Info   0x0000ab    program     static D:\TXT\rc\HK_decoder-dollop\PIC 16F628A Decoder10 with PPM Output_dollop\16F628ATMPO.ASM
                 Send_Bit   0x00001b    program     static D:\TXT\rc\HK_decoder-dollop\PIC 16F628A Decoder10 with PPM Output_dollop\16F628ATMPO.ASM
  Setup_For_Send_BindInfo   0x000072    program     static D:\TXT\rc\HK_decoder-dollop\PIC 16F628A Decoder10 with PPM Output_dollop\16F628ATMPO.ASM
Setup_Registers_for_Receive   0x00007c    program     static D:\TXT\rc\HK_decoder-dollop\PIC 16F628A Decoder10 with PPM Output_dollop\16F628ATMPO.ASM
              Signal_Loss   0x0000e8    program     static D:\TXT\rc\HK_decoder-dollop\PIC 16F628A Decoder10 with PPM Output_dollop\16F628ATMPO.ASM
                 Stop_Bit   0x000019    program     static D:\TXT\rc\HK_decoder-dollop\PIC 16F628A Decoder10 with PPM Output_dollop\16F628ATMPO.ASM
                Sum_Up_Hi   0x000169    program     static D:\TXT\rc\HK_decoder-dollop\PIC 16F628A Decoder10 with PPM Output_dollop\16F628ATMPO.ASM
                Sum_Up_Lo   0x00015a    program     static D:\TXT\rc\HK_decoder-dollop\PIC 16F628A Decoder10 with PPM Output_dollop\16F628ATMPO.ASM
               Switch_OFF   0x000021    program     static D:\TXT\rc\HK_decoder-dollop\PIC 16F628A Decoder10 with PPM Output_dollop\16F628ATMPO.ASM
                Switch_ON   0x000024    program     static D:\TXT\rc\HK_decoder-dollop\PIC 16F628A Decoder10 with PPM Output_dollop\16F628ATMPO.ASM
                     Term   0x000062    program     static D:\TXT\rc\HK_decoder-dollop\PIC 16F628A Decoder10 with PPM Output_dollop\16F628ATMPO.ASM
     Timer1_Channel_Pulse   0x000138    program     static D:\TXT\rc\HK_decoder-dollop\PIC 16F628A Decoder10 with PPM Output_dollop\16F628ATMPO.ASM
              Timer1_Sync   0x000119    program     static D:\TXT\rc\HK_decoder-dollop\PIC 16F628A Decoder10 with PPM Output_dollop\16F628ATMPO.ASM
                Use_As_Is   0x000105    program     static D:\TXT\rc\HK_decoder-dollop\PIC 16F628A Decoder10 with PPM Output_dollop\16F628ATMPO.ASM
                 Wait200m   0x000065    program     static D:\TXT\rc\HK_decoder-dollop\PIC 16F628A Decoder10 with PPM Output_dollop\16F628ATMPO.ASM
             Wait_Between   0x0000f1    program     static D:\TXT\rc\HK_decoder-dollop\PIC 16F628A Decoder10 with PPM Output_dollop\16F628ATMPO.ASM
                Wait_Ch_H   0x00013f    program     static D:\TXT\rc\HK_decoder-dollop\PIC 16F628A Decoder10 with PPM Output_dollop\16F628ATMPO.ASM
                Wait_Ch_L   0x000121    program     static D:\TXT\rc\HK_decoder-dollop\PIC 16F628A Decoder10 with PPM Output_dollop\16F628ATMPO.ASM
          Wait_For_Event1   0x00008d    program     static D:\TXT\rc\HK_decoder-dollop\PIC 16F628A Decoder10 with PPM Output_dollop\16F628ATMPO.ASM
          Wait_For_Event2   0x0000d0    program     static D:\TXT\rc\HK_decoder-dollop\PIC 16F628A Decoder10 with PPM Output_dollop\16F628ATMPO.ASM
                Wait_Send   0x0000b5    program     static D:\TXT\rc\HK_decoder-dollop\PIC 16F628A Decoder10 with PPM Output_dollop\16F628ATMPO.ASM
                     init   0x000034    program     static D:\TXT\rc\HK_decoder-dollop\PIC 16F628A Decoder10 with PPM Output_dollop\16F628ATMPO.ASM
                     main   0x000031    program     static D:\TXT\rc\HK_decoder-dollop\PIC 16F628A Decoder10 with PPM Output_dollop\16F628ATMPO.ASM
                 not3chan   0x000110    program     static D:\TXT\rc\HK_decoder-dollop\PIC 16F628A Decoder10 with PPM Output_dollop\16F628ATMPO.ASM
                Bit_Count   0x000023       data     static D:\TXT\rc\HK_decoder-dollop\PIC 16F628A Decoder10 with PPM Output_dollop\16F628ATMPO.ASM
                    Byte1   0x00002d       data     static D:\TXT\rc\HK_decoder-dollop\PIC 16F628A Decoder10 with PPM Output_dollop\16F628ATMPO.ASM
                   Byte10   0x000036       data     static D:\TXT\rc\HK_decoder-dollop\PIC 16F628A Decoder10 with PPM Output_dollop\16F628ATMPO.ASM
                   Byte11   0x000037       data     static D:\TXT\rc\HK_decoder-dollop\PIC 16F628A Decoder10 with PPM Output_dollop\16F628ATMPO.ASM
                   Byte12   0x000038       data     static D:\TXT\rc\HK_decoder-dollop\PIC 16F628A Decoder10 with PPM Output_dollop\16F628ATMPO.ASM
                   Byte13   0x000039       data     static D:\TXT\rc\HK_decoder-dollop\PIC 16F628A Decoder10 with PPM Output_dollop\16F628ATMPO.ASM
                   Byte14   0x00003a       data     static D:\TXT\rc\HK_decoder-dollop\PIC 16F628A Decoder10 with PPM Output_dollop\16F628ATMPO.ASM
                   Byte15   0x00003b       data     static D:\TXT\rc\HK_decoder-dollop\PIC 16F628A Decoder10 with PPM Output_dollop\16F628ATMPO.ASM
                   Byte16   0x00003c       data     static D:\TXT\rc\HK_decoder-dollop\PIC 16F628A Decoder10 with PPM Output_dollop\16F628ATMPO.ASM
                   Byte17   0x00003d       data     static D:\TXT\rc\HK_decoder-dollop\PIC 16F628A Decoder10 with PPM Output_dollop\16F628ATMPO.ASM
                   Byte18   0x00003e       data     static D:\TXT\rc\HK_decoder-dollop\PIC 16F628A Decoder10 with PPM Output_dollop\16F628ATMPO.ASM
                    Byte2   0x00002e       data     static D:\TXT\rc\HK_decoder-dollop\PIC 16F628A Decoder10 with PPM Output_dollop\16F628ATMPO.ASM
                    Byte3   0x00002f       data     static D:\TXT\rc\HK_decoder-dollop\PIC 16F628A Decoder10 with PPM Output_dollop\16F628ATMPO.ASM
                    Byte4   0x000030       data     static D:\TXT\rc\HK_decoder-dollop\PIC 16F628A Decoder10 with PPM Output_dollop\16F628ATMPO.ASM
                    Byte5   0x000031       data     static D:\TXT\rc\HK_decoder-dollop\PIC 16F628A Decoder10 with PPM Output_dollop\16F628ATMPO.ASM
                    Byte6   0x000032       data     static D:\TXT\rc\HK_decoder-dollop\PIC 16F628A Decoder10 with PPM Output_dollop\16F628ATMPO.ASM
                    Byte7   0x000033       data     static D:\TXT\rc\HK_decoder-dollop\PIC 16F628A Decoder10 with PPM Output_dollop\16F628ATMPO.ASM
                    Byte8   0x000034       data     static D:\TXT\rc\HK_decoder-dollop\PIC 16F628A Decoder10 with PPM Output_dollop\16F628ATMPO.ASM
                    Byte9   0x000035       data     static D:\TXT\rc\HK_decoder-dollop\PIC 16F628A Decoder10 with PPM Output_dollop\16F628ATMPO.ASM
               Byte_Count   0x000024       data     static D:\TXT\rc\HK_decoder-dollop\PIC 16F628A Decoder10 with PPM Output_dollop\16F628ATMPO.ASM
                  CP_High   0x000052       data     static D:\TXT\rc\HK_decoder-dollop\PIC 16F628A Decoder10 with PPM Output_dollop\16F628ATMPO.ASM
                   CP_Low   0x000051       data     static D:\TXT\rc\HK_decoder-dollop\PIC 16F628A Decoder10 with PPM Output_dollop\16F628ATMPO.ASM
               Cksum_High   0x00002b       data     static D:\TXT\rc\HK_decoder-dollop\PIC 16F628A Decoder10 with PPM Output_dollop\16F628ATMPO.ASM
               Copy_Byte1   0x00003f       data     static D:\TXT\rc\HK_decoder-dollop\PIC 16F628A Decoder10 with PPM Output_dollop\16F628ATMPO.ASM
              Copy_Byte10   0x000048       data     static D:\TXT\rc\HK_decoder-dollop\PIC 16F628A Decoder10 with PPM Output_dollop\16F628ATMPO.ASM
              Copy_Byte11   0x000049       data     static D:\TXT\rc\HK_decoder-dollop\PIC 16F628A Decoder10 with PPM Output_dollop\16F628ATMPO.ASM
              Copy_Byte12   0x00004a       data     static D:\TXT\rc\HK_decoder-dollop\PIC 16F628A Decoder10 with PPM Output_dollop\16F628ATMPO.ASM
              Copy_Byte13   0x00004b       data     static D:\TXT\rc\HK_decoder-dollop\PIC 16F628A Decoder10 with PPM Output_dollop\16F628ATMPO.ASM
              Copy_Byte14   0x00004c       data     static D:\TXT\rc\HK_decoder-dollop\PIC 16F628A Decoder10 with PPM Output_dollop\16F628ATMPO.ASM
              Copy_Byte15   0x00004d       data     static D:\TXT\rc\HK_decoder-dollop\PIC 16F628A Decoder10 with PPM Output_dollop\16F628ATMPO.ASM
              Copy_Byte16   0x00004e       data     static D:\TXT\rc\HK_decoder-dollop\PIC 16F628A Decoder10 with PPM Output_dollop\16F628ATMPO.ASM
               Copy_Byte2   0x000040       data     static D:\TXT\rc\HK_decoder-dollop\PIC 16F628A Decoder10 with PPM Output_dollop\16F628ATMPO.ASM
               Copy_Byte3   0x000041       data     static D:\TXT\rc\HK_decoder-dollop\PIC 16F628A Decoder10 with PPM Output_dollop\16F628ATMPO.ASM
               Copy_Byte4   0x000042       data     static D:\TXT\rc\HK_decoder-dollop\PIC 16F628A Decoder10 with PPM Output_dollop\16F628ATMPO.ASM
               Copy_Byte5   0x000043       data     static D:\TXT\rc\HK_decoder-dollop\PIC 16F628A Decoder10 with PPM Output_dollop\16F628ATMPO.ASM
               Copy_Byte6   0x000044       data     static D:\TXT\rc\HK_decoder-dollop\PIC 16F628A Decoder10 with PPM Output_dollop\16F628ATMPO.ASM
               Copy_Byte7   0x000045       data     static D:\TXT\rc\HK_decoder-dollop\PIC 16F628A Decoder10 with PPM Output_dollop\16F628ATMPO.ASM
               Copy_Byte8   0x000046       data     static D:\TXT\rc\HK_decoder-dollop\PIC 16F628A Decoder10 with PPM Output_dollop\16F628ATMPO.ASM
               Copy_Byte9   0x000047       data     static D:\TXT\rc\HK_decoder-dollop\PIC 16F628A Decoder10 with PPM Output_dollop\16F628ATMPO.ASM
                Fail_Safe   0x000021       data     static D:\TXT\rc\HK_decoder-dollop\PIC 16F628A Decoder10 with PPM Output_dollop\16F628ATMPO.ASM
                From_Adrs   0x000026       data     static D:\TXT\rc\HK_decoder-dollop\PIC 16F628A Decoder10 with PPM Output_dollop\16F628ATMPO.ASM
                   IInner   0x000029       data     static D:\TXT\rc\HK_decoder-dollop\PIC 16F628A Decoder10 with PPM Output_dollop\16F628ATMPO.ASM
                    Inner   0x000028       data     static D:\TXT\rc\HK_decoder-dollop\PIC 16F628A Decoder10 with PPM Output_dollop\16F628ATMPO.ASM
                My_Status   0x000022       data     static D:\TXT\rc\HK_decoder-dollop\PIC 16F628A Decoder10 with PPM Output_dollop\16F628ATMPO.ASM
                  My_Temp   0x00004f       data     static D:\TXT\rc\HK_decoder-dollop\PIC 16F628A Decoder10 with PPM Output_dollop\16F628ATMPO.ASM
                    Outer   0x00002a       data     static D:\TXT\rc\HK_decoder-dollop\PIC 16F628A Decoder10 with PPM Output_dollop\16F628ATMPO.ASM
               SL_Counter   0x000050       data     static D:\TXT\rc\HK_decoder-dollop\PIC 16F628A Decoder10 with PPM Output_dollop\16F628ATMPO.ASM
         Selected_Channel   0x000020       data     static D:\TXT\rc\HK_decoder-dollop\PIC 16F628A Decoder10 with PPM Output_dollop\16F628ATMPO.ASM
                ShiftData   0x000025       data     static D:\TXT\rc\HK_decoder-dollop\PIC 16F628A Decoder10 with PPM Output_dollop\16F628ATMPO.ASM
                     Temp   0x00002c       data     static D:\TXT\rc\HK_decoder-dollop\PIC 16F628A Decoder10 with PPM Output_dollop\16F628ATMPO.ASM
                  To_Adrs   0x000027       data     static D:\TXT\rc\HK_decoder-dollop\PIC 16F628A Decoder10 with PPM Output_dollop\16F628ATMPO.ASM
              status_temp   0x000071       data     static D:\TXT\rc\HK_decoder-dollop\PIC 16F628A Decoder10 with PPM Output_dollop\16F628ATMPO.ASM
                   w_temp   0x000070       data     static D:\TXT\rc\HK_decoder-dollop\PIC 16F628A Decoder10 with PPM Output_dollop\16F628ATMPO.ASM



                              Symbols - Sorted by Address
                     Name    Address   Location    Storage File                     
                ---------  ---------  ---------  --------- ---------                
                Interrupt   0x000005    program     static D:\TXT\rc\HK_decoder-dollop\PIC 16F628A Decoder10 with PPM Output_dollop\16F628ATMPO.ASM
                 Read_Bit   0x00000c    program     static D:\TXT\rc\HK_decoder-dollop\PIC 16F628A Decoder10 with PPM Output_dollop\16F628ATMPO.ASM
                 Stop_Bit   0x000019    program     static D:\TXT\rc\HK_decoder-dollop\PIC 16F628A Decoder10 with PPM Output_dollop\16F628ATMPO.ASM
                 Send_Bit   0x00001b    program     static D:\TXT\rc\HK_decoder-dollop\PIC 16F628A Decoder10 with PPM Output_dollop\16F628ATMPO.ASM
             Not_StartBit   0x00001d    program     static D:\TXT\rc\HK_decoder-dollop\PIC 16F628A Decoder10 with PPM Output_dollop\16F628ATMPO.ASM
               Switch_OFF   0x000021    program     static D:\TXT\rc\HK_decoder-dollop\PIC 16F628A Decoder10 with PPM Output_dollop\16F628ATMPO.ASM
                Switch_ON   0x000024    program     static D:\TXT\rc\HK_decoder-dollop\PIC 16F628A Decoder10 with PPM Output_dollop\16F628ATMPO.ASM
                     Cont   0x000025    program     static D:\TXT\rc\HK_decoder-dollop\PIC 16F628A Decoder10 with PPM Output_dollop\16F628ATMPO.ASM
        HouseKeeping_Exit   0x000029    program     static D:\TXT\rc\HK_decoder-dollop\PIC 16F628A Decoder10 with PPM Output_dollop\16F628ATMPO.ASM
                     main   0x000031    program     static D:\TXT\rc\HK_decoder-dollop\PIC 16F628A Decoder10 with PPM Output_dollop\16F628ATMPO.ASM
                     init   0x000034    program     static D:\TXT\rc\HK_decoder-dollop\PIC 16F628A Decoder10 with PPM Output_dollop\16F628ATMPO.ASM
                Normal_Op   0x00004c    program     static D:\TXT\rc\HK_decoder-dollop\PIC 16F628A Decoder10 with PPM Output_dollop\16F628ATMPO.ASM
             Cont_Receive   0x000051    program     static D:\TXT\rc\HK_decoder-dollop\PIC 16F628A Decoder10 with PPM Output_dollop\16F628ATMPO.ASM
             Request_Bind   0x000055    program     static D:\TXT\rc\HK_decoder-dollop\PIC 16F628A Decoder10 with PPM Output_dollop\16F628ATMPO.ASM
                     Term   0x000062    program     static D:\TXT\rc\HK_decoder-dollop\PIC 16F628A Decoder10 with PPM Output_dollop\16F628ATMPO.ASM
                 Wait200m   0x000065    program     static D:\TXT\rc\HK_decoder-dollop\PIC 16F628A Decoder10 with PPM Output_dollop\16F628ATMPO.ASM
                   O_Loop   0x000067    program     static D:\TXT\rc\HK_decoder-dollop\PIC 16F628A Decoder10 with PPM Output_dollop\16F628ATMPO.ASM
                   I_Loop   0x000069    program     static D:\TXT\rc\HK_decoder-dollop\PIC 16F628A Decoder10 with PPM Output_dollop\16F628ATMPO.ASM
                  II_Loop   0x00006b    program     static D:\TXT\rc\HK_decoder-dollop\PIC 16F628A Decoder10 with PPM Output_dollop\16F628ATMPO.ASM
  Setup_For_Send_BindInfo   0x000072    program     static D:\TXT\rc\HK_decoder-dollop\PIC 16F628A Decoder10 with PPM Output_dollop\16F628ATMPO.ASM
Setup_Registers_for_Receive   0x00007c    program     static D:\TXT\rc\HK_decoder-dollop\PIC 16F628A Decoder10 with PPM Output_dollop\16F628ATMPO.ASM
        Receive_Bind_Info   0x000084    program     static D:\TXT\rc\HK_decoder-dollop\PIC 16F628A Decoder10 with PPM Output_dollop\16F628ATMPO.ASM
           Cont_Bind_Info   0x000089    program     static D:\TXT\rc\HK_decoder-dollop\PIC 16F628A Decoder10 with PPM Output_dollop\16F628ATMPO.ASM
          Wait_For_Event1   0x00008d    program     static D:\TXT\rc\HK_decoder-dollop\PIC 16F628A Decoder10 with PPM Output_dollop\16F628ATMPO.ASM
                Schreiben   0x00009e    program     static D:\TXT\rc\HK_decoder-dollop\PIC 16F628A Decoder10 with PPM Output_dollop\16F628ATMPO.ASM
                    Again   0x0000a5    program     static D:\TXT\rc\HK_decoder-dollop\PIC 16F628A Decoder10 with PPM Output_dollop\16F628ATMPO.ASM
           Send_Bind_Info   0x0000ab    program     static D:\TXT\rc\HK_decoder-dollop\PIC 16F628A Decoder10 with PPM Output_dollop\16F628ATMPO.ASM
                Next_Byte   0x0000b2    program     static D:\TXT\rc\HK_decoder-dollop\PIC 16F628A Decoder10 with PPM Output_dollop\16F628ATMPO.ASM
                Wait_Send   0x0000b5    program     static D:\TXT\rc\HK_decoder-dollop\PIC 16F628A Decoder10 with PPM Output_dollop\16F628ATMPO.ASM
     Receive_Channel_Data   0x0000c0    program     static D:\TXT\rc\HK_decoder-dollop\PIC 16F628A Decoder10 with PPM Output_dollop\16F628ATMPO.ASM
        Cont_Channel_Data   0x0000c6    program     static D:\TXT\rc\HK_decoder-dollop\PIC 16F628A Decoder10 with PPM Output_dollop\16F628ATMPO.ASM
          Wait_For_Event2   0x0000d0    program     static D:\TXT\rc\HK_decoder-dollop\PIC 16F628A Decoder10 with PPM Output_dollop\16F628ATMPO.ASM
              Signal_Loss   0x0000e8    program     static D:\TXT\rc\HK_decoder-dollop\PIC 16F628A Decoder10 with PPM Output_dollop\16F628ATMPO.ASM
                Save_Byte   0x0000ec    program     static D:\TXT\rc\HK_decoder-dollop\PIC 16F628A Decoder10 with PPM Output_dollop\16F628ATMPO.ASM
             Wait_Between   0x0000f1    program     static D:\TXT\rc\HK_decoder-dollop\PIC 16F628A Decoder10 with PPM Output_dollop\16F628ATMPO.ASM
      Output_Channel_Data   0x0000f4    program     static D:\TXT\rc\HK_decoder-dollop\PIC 16F628A Decoder10 with PPM Output_dollop\16F628ATMPO.ASM
                 Not_Zero   0x0000fb    program     static D:\TXT\rc\HK_decoder-dollop\PIC 16F628A Decoder10 with PPM Output_dollop\16F628ATMPO.ASM
                   Ck_Sum   0x000102    program     static D:\TXT\rc\HK_decoder-dollop\PIC 16F628A Decoder10 with PPM Output_dollop\16F628ATMPO.ASM
                Use_As_Is   0x000105    program     static D:\TXT\rc\HK_decoder-dollop\PIC 16F628A Decoder10 with PPM Output_dollop\16F628ATMPO.ASM
             Next_Channel   0x000109    program     static D:\TXT\rc\HK_decoder-dollop\PIC 16F628A Decoder10 with PPM Output_dollop\16F628ATMPO.ASM
                 AreEqual   0x00010f    program     static D:\TXT\rc\HK_decoder-dollop\PIC 16F628A Decoder10 with PPM Output_dollop\16F628ATMPO.ASM
                 not3chan   0x000110    program     static D:\TXT\rc\HK_decoder-dollop\PIC 16F628A Decoder10 with PPM Output_dollop\16F628ATMPO.ASM
              Timer1_Sync   0x000119    program     static D:\TXT\rc\HK_decoder-dollop\PIC 16F628A Decoder10 with PPM Output_dollop\16F628ATMPO.ASM
                Wait_Ch_L   0x000121    program     static D:\TXT\rc\HK_decoder-dollop\PIC 16F628A Decoder10 with PPM Output_dollop\16F628ATMPO.ASM
     Prepare_Channel_Time   0x000126    program     static D:\TXT\rc\HK_decoder-dollop\PIC 16F628A Decoder10 with PPM Output_dollop\16F628ATMPO.ASM
     Timer1_Channel_Pulse   0x000138    program     static D:\TXT\rc\HK_decoder-dollop\PIC 16F628A Decoder10 with PPM Output_dollop\16F628ATMPO.ASM
                Wait_Ch_H   0x00013f    program     static D:\TXT\rc\HK_decoder-dollop\PIC 16F628A Decoder10 with PPM Output_dollop\16F628ATMPO.ASM
          Copy_CH2_EEProm   0x000145    program     static D:\TXT\rc\HK_decoder-dollop\PIC 16F628A Decoder10 with PPM Output_dollop\16F628ATMPO.ASM
                 EE_Again   0x00014c    program     static D:\TXT\rc\HK_decoder-dollop\PIC 16F628A Decoder10 with PPM Output_dollop\16F628ATMPO.ASM
                 CheckSum   0x000153    program     static D:\TXT\rc\HK_decoder-dollop\PIC 16F628A Decoder10 with PPM Output_dollop\16F628ATMPO.ASM
                Sum_Up_Lo   0x00015a    program     static D:\TXT\rc\HK_decoder-dollop\PIC 16F628A Decoder10 with PPM Output_dollop\16F628ATMPO.ASM
                Sum_Up_Hi   0x000169    program     static D:\TXT\rc\HK_decoder-dollop\PIC 16F628A Decoder10 with PPM Output_dollop\16F628ATMPO.ASM
                     Fail   0x000176    program     static D:\TXT\rc\HK_decoder-dollop\PIC 16F628A Decoder10 with PPM Output_dollop\16F628ATMPO.ASM
             Copy_Ch_Data   0x00017b    program     static D:\TXT\rc\HK_decoder-dollop\PIC 16F628A Decoder10 with PPM Output_dollop\16F628ATMPO.ASM
                Copy_Cont   0x000183    program     static D:\TXT\rc\HK_decoder-dollop\PIC 16F628A Decoder10 with PPM Output_dollop\16F628ATMPO.ASM
             EEProm_Write   0x000190    program     static D:\TXT\rc\HK_decoder-dollop\PIC 16F628A Decoder10 with PPM Output_dollop\16F628ATMPO.ASM
                  EE_Wait   0x00019c    program     static D:\TXT\rc\HK_decoder-dollop\PIC 16F628A Decoder10 with PPM Output_dollop\16F628ATMPO.ASM
          Fail_Safe_Lesen   0x0001a0    program     static D:\TXT\rc\HK_decoder-dollop\PIC 16F628A Decoder10 with PPM Output_dollop\16F628ATMPO.ASM
               Bind_Lesen   0x0001a7    program     static D:\TXT\rc\HK_decoder-dollop\PIC 16F628A Decoder10 with PPM Output_dollop\16F628ATMPO.ASM
                    Lesen   0x0001ae    program     static D:\TXT\rc\HK_decoder-dollop\PIC 16F628A Decoder10 with PPM Output_dollop\16F628ATMPO.ASM
                  L_Again   0x0001af    program     static D:\TXT\rc\HK_decoder-dollop\PIC 16F628A Decoder10 with PPM Output_dollop\16F628ATMPO.ASM
              EEProm_Read   0x0001b5    program     static D:\TXT\rc\HK_decoder-dollop\PIC 16F628A Decoder10 with PPM Output_dollop\16F628ATMPO.ASM
         Selected_Channel   0x000020       data     static D:\TXT\rc\HK_decoder-dollop\PIC 16F628A Decoder10 with PPM Output_dollop\16F628ATMPO.ASM
                Fail_Safe   0x000021       data     static D:\TXT\rc\HK_decoder-dollop\PIC 16F628A Decoder10 with PPM Output_dollop\16F628ATMPO.ASM
                My_Status   0x000022       data     static D:\TXT\rc\HK_decoder-dollop\PIC 16F628A Decoder10 with PPM Output_dollop\16F628ATMPO.ASM
                Bit_Count   0x000023       data     static D:\TXT\rc\HK_decoder-dollop\PIC 16F628A Decoder10 with PPM Output_dollop\16F628ATMPO.ASM
               Byte_Count   0x000024       data     static D:\TXT\rc\HK_decoder-dollop\PIC 16F628A Decoder10 with PPM Output_dollop\16F628ATMPO.ASM
                ShiftData   0x000025       data     static D:\TXT\rc\HK_decoder-dollop\PIC 16F628A Decoder10 with PPM Output_dollop\16F628ATMPO.ASM
                From_Adrs   0x000026       data     static D:\TXT\rc\HK_decoder-dollop\PIC 16F628A Decoder10 with PPM Output_dollop\16F628ATMPO.ASM
                  To_Adrs   0x000027       data     static D:\TXT\rc\HK_decoder-dollop\PIC 16F628A Decoder10 with PPM Output_dollop\16F628ATMPO.ASM
                    Inner   0x000028       data     static D:\TXT\rc\HK_decoder-dollop\PIC 16F628A Decoder10 with PPM Output_dollop\16F628ATMPO.ASM
                   IInner   0x000029       data     static D:\TXT\rc\HK_decoder-dollop\PIC 16F628A Decoder10 with PPM Output_dollop\16F628ATMPO.ASM
                    Outer   0x00002a       data     static D:\TXT\rc\HK_decoder-dollop\PIC 16F628A Decoder10 with PPM Output_dollop\16F628ATMPO.ASM
               Cksum_High   0x00002b       data     static D:\TXT\rc\HK_decoder-dollop\PIC 16F628A Decoder10 with PPM Output_dollop\16F628ATMPO.ASM
                     Temp   0x00002c       data     static D:\TXT\rc\HK_decoder-dollop\PIC 16F628A Decoder10 with PPM Output_dollop\16F628ATMPO.ASM
                    Byte1   0x00002d       data     static D:\TXT\rc\HK_decoder-dollop\PIC 16F628A Decoder10 with PPM Output_dollop\16F628ATMPO.ASM
                    Byte2   0x00002e       data     static D:\TXT\rc\HK_decoder-dollop\PIC 16F628A Decoder10 with PPM Output_dollop\16F628ATMPO.ASM
                    Byte3   0x00002f       data     static D:\TXT\rc\HK_decoder-dollop\PIC 16F628A Decoder10 with PPM Output_dollop\16F628ATMPO.ASM
                    Byte4   0x000030       data     static D:\TXT\rc\HK_decoder-dollop\PIC 16F628A Decoder10 with PPM Output_dollop\16F628ATMPO.ASM
                    Byte5   0x000031       data     static D:\TXT\rc\HK_decoder-dollop\PIC 16F628A Decoder10 with PPM Output_dollop\16F628ATMPO.ASM
                    Byte6   0x000032       data     static D:\TXT\rc\HK_decoder-dollop\PIC 16F628A Decoder10 with PPM Output_dollop\16F628ATMPO.ASM
                    Byte7   0x000033       data     static D:\TXT\rc\HK_decoder-dollop\PIC 16F628A Decoder10 with PPM Output_dollop\16F628ATMPO.ASM
                    Byte8   0x000034       data     static D:\TXT\rc\HK_decoder-dollop\PIC 16F628A Decoder10 with PPM Output_dollop\16F628ATMPO.ASM
                    Byte9   0x000035       data     static D:\TXT\rc\HK_decoder-dollop\PIC 16F628A Decoder10 with PPM Output_dollop\16F628ATMPO.ASM
                   Byte10   0x000036       data     static D:\TXT\rc\HK_decoder-dollop\PIC 16F628A Decoder10 with PPM Output_dollop\16F628ATMPO.ASM
                   Byte11   0x000037       data     static D:\TXT\rc\HK_decoder-dollop\PIC 16F628A Decoder10 with PPM Output_dollop\16F628ATMPO.ASM
                   Byte12   0x000038       data     static D:\TXT\rc\HK_decoder-dollop\PIC 16F628A Decoder10 with PPM Output_dollop\16F628ATMPO.ASM
                   Byte13   0x000039       data     static D:\TXT\rc\HK_decoder-dollop\PIC 16F628A Decoder10 with PPM Output_dollop\16F628ATMPO.ASM
                   Byte14   0x00003a       data     static D:\TXT\rc\HK_decoder-dollop\PIC 16F628A Decoder10 with PPM Output_dollop\16F628ATMPO.ASM
                   Byte15   0x00003b       data     static D:\TXT\rc\HK_decoder-dollop\PIC 16F628A Decoder10 with PPM Output_dollop\16F628ATMPO.ASM
                   Byte16   0x00003c       data     static D:\TXT\rc\HK_decoder-dollop\PIC 16F628A Decoder10 with PPM Output_dollop\16F628ATMPO.ASM
                   Byte17   0x00003d       data     static D:\TXT\rc\HK_decoder-dollop\PIC 16F628A Decoder10 with PPM Output_dollop\16F628ATMPO.ASM
                   Byte18   0x00003e       data     static D:\TXT\rc\HK_decoder-dollop\PIC 16F628A Decoder10 with PPM Output_dollop\16F628ATMPO.ASM
               Copy_Byte1   0x00003f       data     static D:\TXT\rc\HK_decoder-dollop\PIC 16F628A Decoder10 with PPM Output_dollop\16F628ATMPO.ASM
               Copy_Byte2   0x000040       data     static D:\TXT\rc\HK_decoder-dollop\PIC 16F628A Decoder10 with PPM Output_dollop\16F628ATMPO.ASM
               Copy_Byte3   0x000041       data     static D:\TXT\rc\HK_decoder-dollop\PIC 16F628A Decoder10 with PPM Output_dollop\16F628ATMPO.ASM
               Copy_Byte4   0x000042       data     static D:\TXT\rc\HK_decoder-dollop\PIC 16F628A Decoder10 with PPM Output_dollop\16F628ATMPO.ASM
               Copy_Byte5   0x000043       data     static D:\TXT\rc\HK_decoder-dollop\PIC 16F628A Decoder10 with PPM Output_dollop\16F628ATMPO.ASM
               Copy_Byte6   0x000044       data     static D:\TXT\rc\HK_decoder-dollop\PIC 16F628A Decoder10 with PPM Output_dollop\16F628ATMPO.ASM
               Copy_Byte7   0x000045       data     static D:\TXT\rc\HK_decoder-dollop\PIC 16F628A Decoder10 with PPM Output_dollop\16F628ATMPO.ASM
               Copy_Byte8   0x000046       data     static D:\TXT\rc\HK_decoder-dollop\PIC 16F628A Decoder10 with PPM Output_dollop\16F628ATMPO.ASM
               Copy_Byte9   0x000047       data     static D:\TXT\rc\HK_decoder-dollop\PIC 16F628A Decoder10 with PPM Output_dollop\16F628ATMPO.ASM
              Copy_Byte10   0x000048       data     static D:\TXT\rc\HK_decoder-dollop\PIC 16F628A Decoder10 with PPM Output_dollop\16F628ATMPO.ASM
              Copy_Byte11   0x000049       data     static D:\TXT\rc\HK_decoder-dollop\PIC 16F628A Decoder10 with PPM Output_dollop\16F628ATMPO.ASM
              Copy_Byte12   0x00004a       data     static D:\TXT\rc\HK_decoder-dollop\PIC 16F628A Decoder10 with PPM Output_dollop\16F628ATMPO.ASM
              Copy_Byte13   0x00004b       data     static D:\TXT\rc\HK_decoder-dollop\PIC 16F628A Decoder10 with PPM Output_dollop\16F628ATMPO.ASM
              Copy_Byte14   0x00004c       data     static D:\TXT\rc\HK_decoder-dollop\PIC 16F628A Decoder10 with PPM Output_dollop\16F628ATMPO.ASM
              Copy_Byte15   0x00004d       data     static D:\TXT\rc\HK_decoder-dollop\PIC 16F628A Decoder10 with PPM Output_dollop\16F628ATMPO.ASM
              Copy_Byte16   0x00004e       data     static D:\TXT\rc\HK_decoder-dollop\PIC 16F628A Decoder10 with PPM Output_dollop\16F628ATMPO.ASM
                  My_Temp   0x00004f       data     static D:\TXT\rc\HK_decoder-dollop\PIC 16F628A Decoder10 with PPM Output_dollop\16F628ATMPO.ASM
               SL_Counter   0x000050       data     static D:\TXT\rc\HK_decoder-dollop\PIC 16F628A Decoder10 with PPM Output_dollop\16F628ATMPO.ASM
                   CP_Low   0x000051       data     static D:\TXT\rc\HK_decoder-dollop\PIC 16F628A Decoder10 with PPM Output_dollop\16F628ATMPO.ASM
                  CP_High   0x000052       data     static D:\TXT\rc\HK_decoder-dollop\PIC 16F628A Decoder10 with PPM Output_dollop\16F628ATMPO.ASM
                   w_temp   0x000070       data     static D:\TXT\rc\HK_decoder-dollop\PIC 16F628A Decoder10 with PPM Output_dollop\16F628ATMPO.ASM
              status_temp   0x000071       data     static D:\TXT\rc\HK_decoder-dollop\PIC 16F628A Decoder10 with PPM Output_dollop\16F628ATMPO.ASM


